// Jest Snapshot v1, https://goo.gl/fbAQLP

exports[`<AllEpisodesPodcast /> should render the heading 1`] = `
.c0 {
  padding-bottom: 2rem;
}

.c0 table {
  width: 100%;
}

.c0 table th,
.c0 table td {
  padding: 0.75rem 1rem;
  border-bottom: 1px solid var(--gray-100);
}

.c0 table th {
  color: var(--gray-200);
  text-transform: uppercase;
  font: 500 1rem Lexend,sans-serif;
  text-align: left;
}

.c0 table td {
  font-size: 1.2rem;
}

.c0 table td img {
  width: 6rem;
  height: 5rem;
  border-radius: 1rem;
}

.c0 table td a {
  color: var(--gray-800);
  font-family: Lexend,sans-serif;
  font-weight: 600;
  -webkit-text-decoration: none;
  text-decoration: none;
  line-height: 2rem;
  font-size: 1rem;
}

.c0 table td a:hover {
  -webkit-text-decoration: underline;
  text-decoration: underline;
}

.c0 table td button {
  width: 2rem;
  height: 2rem;
  background: var(--white);
  border: 1px solid var(--gray-100);
  border-radius: 0.5rem;
  font-size: 0;
  -webkit-transition: filter 0.2s;
  transition: filter 0.2s;
}

.c0 table td button img {
  width: 1.75rem;
  height: 1.75rem;
}

.c0 table td button:hover {
  -webkit-filter: brightness(0.95);
  filter: brightness(0.95);
}

<section
  class="c0"
>
  <h2>
    AllEpisodesPodcast
  </h2>
  <table
    cellspacing="0"
  >
    <thead>
      <tr>
        <th />
        <th>
          Podcast
        </th>
        <th>
          Integrantes
        </th>
        <th>
          Data
        </th>
        <th>
          Duração
        </th>
      </tr>
    </thead>
    <tbody />
  </table>
</section>
`;
